0.386: Application time: 0.1849390 seconds
{Heap before GC invocations=0 (full 0):
 par new generation   total 9792K, used 8768K [0x90c00000, 0x91690000, 0x98c00000)
  eden space 8768K, 100% used [0x90c00000, 0x91490000, 0x91490000)
  from space 1024K,   0% used [0x91490000, 0x91490000, 0x91590000)
  to   space 1024K,   0% used [0x91590000, 0x91590000, 0x91690000)
 concurrent mark-sweep generation total 21632K, used 0K [0x98c00000, 0x9a120000, 0xb0c00000)
 concurrent-mark-sweep perm gen total 16384K, used 3030K [0xb0c00000, 0xb1c00000, 0xb4c00000)
0.387: [GC0.387: [ParNew
Desired survivor size 524288 bytes, new threshold 1 (max 6)
- age   1:    1036776 bytes,    1036776 total
: 8768K->1024K(9792K), 0.0067320 secs] 8768K->1953K(31424K), 0.0068080 secs] [Times: user=0.00 sys=0.01, real=0.00 secs] 
Heap after GC invocations=1 (full 0):
 par new generation   total 9792K, used 1024K [0x90c00000, 0x91690000, 0x98c00000)
  eden space 8768K,   0% used [0x90c00000, 0x90c00000, 0x91490000)
  from space 1024K, 100% used [0x91590000, 0x91690000, 0x91690000)
  to   space 1024K,   0% used [0x91490000, 0x91490000, 0x91590000)
 concurrent mark-sweep generation total 21632K, used 929K [0x98c00000, 0x9a120000, 0xb0c00000)
 concurrent-mark-sweep perm gen total 16384K, used 3030K [0xb0c00000, 0xb1c00000, 0xb4c00000)
}
0.394: Total time for which application threads were stopped: 0.0070660 seconds
0.515: Application time: 0.1211330 seconds
0.515: [GC [1 CMS-initial-mark: 929K(21632K)] 5943K(31424K), 0.0049570 secs] [Times: user=0.00 sys=0.00, real=0.00 secs] 
0.520: Total time for which application threads were stopped: 0.0051460 seconds
0.520: [CMS-concurrent-mark-start]
0.540: [CMS-concurrent-mark: 0.020/0.020 secs] [Times: user=0.02 sys=0.01, real=0.02 secs] 
0.540: [CMS-concurrent-preclean-start]
0.542: [CMS-concurrent-preclean: 0.001/0.002 secs] [Times: user=0.00 sys=0.00, real=0.00 secs] 
0.542: [CMS-concurrent-abortable-preclean-start]
0.613: Application time: 0.0928560 seconds
0.613: Total time for which application threads were stopped: 0.0001100 seconds
0.641: Application time: 0.0278910 seconds
{Heap before GC invocations=1 (full 1):
 par new generation   total 9792K, used 8550K [0x90c00000, 0x91690000, 0x98c00000)
  eden space 8768K,  85% used [0x90c00000, 0x91359810, 0x91490000)
  from space 1024K, 100% used [0x91590000, 0x91690000, 0x91690000)
  to   space 1024K,   0% used [0x91490000, 0x91490000, 0x91590000)
 concurrent mark-sweep generation total 21632K, used 929K [0x98c00000, 0x9a120000, 0xb0c00000)
 concurrent-mark-sweep perm gen total 16384K, used 4966K [0xb0c00000, 0xb1c00000, 0xb4c00000)
0.641: [Full GC0.641: [CMS0.645: [CMS-concurrent-abortable-preclean: 0.021/0.103 secs] [Times: user=0.08 sys=0.03, real=0.11 secs] 
 (concurrent mode interrupted): 929K->2307K(21632K), 0.0302620 secs] 9479K->2307K(31424K), [CMS Perm : 4966K->4962K(16384K)], 0.0303530 secs] [Times: user=0.02 sys=0.00, real=0.03 secs] 
Heap after GC invocations=2 (full 2):
 par new generation   total 9792K, used 0K [0x90c00000, 0x916a0000, 0x98c00000)
  eden space 8704K,   0% used [0x90c00000, 0x90c00000, 0x91480000)
  from space 1088K,   0% used [0x91480000, 0x91480000, 0x91590000)
  to   space 1088K,   0% used [0x91590000, 0x91590000, 0x916a0000)
 concurrent mark-sweep generation total 21632K, used 2307K [0x98c00000, 0x9a120000, 0xb0c00000)
 concurrent-mark-sweep perm gen total 16384K, used 4962K [0xb0c00000, 0xb1c00000, 0xb4c00000)
}
0.671: Total time for which application threads were stopped: 0.0306630 seconds
0.673: Application time: 0.0017990 seconds
0.673: Total time for which application threads were stopped: 0.0001120 seconds
0.673: Application time: 0.0000710 seconds
{Heap before GC invocations=2 (full 2):
 par new generation   total 9792K, used 467K [0x90c00000, 0x916a0000, 0x98c00000)
  eden space 8704K,   5% used [0x90c00000, 0x90c74d30, 0x91480000)
  from space 1088K,   0% used [0x91480000, 0x91480000, 0x91590000)
  to   space 1088K,   0% used [0x91590000, 0x91590000, 0x916a0000)
 concurrent mark-sweep generation total 21632K, used 2307K [0x98c00000, 0x9a120000, 0xb0c00000)
 concurrent-mark-sweep perm gen total 16384K, used 4974K [0xb0c00000, 0xb1c00000, 0xb4c00000)
0.673: [GC0.673: [ParNew
Desired survivor size 557056 bytes, new threshold 6 (max 6)
- age   1:     114576 bytes,     114576 total
: 467K->915K(9792K), 0.0017560 secs] 2775K->3223K(31424K), 0.0018000 secs] [Times: user=0.00 sys=0.00, real=0.01 secs] 
Heap after GC invocations=3 (full 2):
 par new generation   total 9792K, used 915K [0x90c00000, 0x916a0000, 0x98c00000)
  eden space 8704K,   0% used [0x90c00000, 0x90c00000, 0x91480000)
  from space 1088K,  84% used [0x91590000, 0x91674d18, 0x916a0000)
  to   space 1088K,   0% used [0x91480000, 0x91480000, 0x91590000)
 concurrent mark-sweep generation total 21632K, used 2307K [0x98c00000, 0x9a120000, 0xb0c00000)
 concurrent-mark-sweep perm gen total 16384K, used 4974K [0xb0c00000, 0xb1c00000, 0xb4c00000)
}
0.675: Total time for which application threads were stopped: 0.0019530 seconds
0.874: Application time: 0.1989810 seconds
0.874: [GC [1 CMS-initial-mark: 2307K(21632K)] 7140K(31424K), 0.0037710 secs] [Times: user=0.00 sys=0.00, real=0.00 secs] 
0.878: Total time for which application threads were stopped: 0.0039240 seconds
0.878: [CMS-concurrent-mark-start]
0.904: [CMS-concurrent-mark: 0.023/0.025 secs] [Times: user=0.02 sys=0.01, real=0.03 secs] 
0.904: [CMS-concurrent-preclean-start]
0.907: [CMS-concurrent-preclean: 0.003/0.003 secs] [Times: user=0.01 sys=0.00, real=0.00 secs] 
0.907: [CMS-concurrent-abortable-preclean-start]
0.918: Application time: 0.0393150 seconds
{Heap before GC invocations=3 (full 3):
 par new generation   total 9792K, used 5008K [0x90c00000, 0x916a0000, 0x98c00000)
  eden space 8704K,  47% used [0x90c00000, 0x90fff480, 0x91480000)
  from space 1088K,  84% used [0x91590000, 0x91674d18, 0x916a0000)
  to   space 1088K,   0% used [0x91480000, 0x91480000, 0x91590000)
 concurrent mark-sweep generation total 21632K, used 2307K [0x98c00000, 0x9a120000, 0xb0c00000)
 concurrent-mark-sweep perm gen total 16384K, used 6518K [0xb0c00000, 0xb1c00000, 0xb4c00000)
0.918: [Full GC0.918: [CMS0.918: [CMS-concurrent-abortable-preclean: 0.000/0.011 secs] [Times: user=0.01 sys=0.00, real=0.01 secs] 
 (concurrent mode interrupted): 2307K->2321K(21632K), 0.0175600 secs] 7316K->2321K(31424K), [CMS Perm : 6518K->6517K(16384K)], 0.0176290 secs] [Times: user=0.01 sys=0.00, real=0.02 secs] 
Heap after GC invocations=4 (full 4):
 par new generation   total 9792K, used 0K [0x90c00000, 0x916a0000, 0x98c00000)
  eden space 8704K,   0% used [0x90c00000, 0x90c00000, 0x91480000)
  from space 1088K,   0% used [0x91590000, 0x91590000, 0x916a0000)
  to   space 1088K,   0% used [0x91480000, 0x91480000, 0x91590000)
 concurrent mark-sweep generation total 21632K, used 2321K [0x98c00000, 0x9a120000, 0xb0c00000)
 concurrent-mark-sweep perm gen total 16384K, used 6517K [0xb0c00000, 0xb1c00000, 0xb4c00000)
}
0.935: Total time for which application threads were stopped: 0.0177660 seconds
0.952: Application time: 0.0168250 seconds
{Heap before GC invocations=4 (full 4):
 par new generation   total 9792K, used 58K [0x90c00000, 0x916a0000, 0x98c00000)
  eden space 8704K,   0% used [0x90c00000, 0x90c0e828, 0x91480000)
  from space 1088K,   0% used [0x91590000, 0x91590000, 0x916a0000)
  to   space 1088K,   0% used [0x91480000, 0x91480000, 0x91590000)
 concurrent mark-sweep generation total 21632K, used 2321K [0x98c00000, 0x9a120000, 0xb0c00000)
 concurrent-mark-sweep perm gen total 16384K, used 6517K [0xb0c00000, 0xb1c00000, 0xb4c00000)
0.952: [Full GC0.952: [CMS: 2321K->1955K(21632K), 0.0162870 secs] 2379K->1955K(31424K), [CMS Perm : 6517K->6517K(16384K)], 0.0163630 secs] [Times: user=0.01 sys=0.00, real=0.02 secs] 
Heap after GC invocations=5 (full 5):
 par new generation   total 9792K, used 0K [0x90c00000, 0x916a0000, 0x98c00000)
  eden space 8704K,   0% used [0x90c00000, 0x90c00000, 0x91480000)
  from space 1088K,   0% used [0x91590000, 0x91590000, 0x916a0000)
  to   space 1088K,   0% used [0x91480000, 0x91480000, 0x91590000)
 concurrent mark-sweep generation total 21632K, used 1955K [0x98c00000, 0x9a120000, 0xb0c00000)
 concurrent-mark-sweep perm gen total 16384K, used 6517K [0xb0c00000, 0xb1c00000, 0xb4c00000)
}
0.969: Total time for which application threads were stopped: 0.0164910 seconds
0.969: Application time: 0.0002100 seconds
0.969: [GC [1 CMS-initial-mark: 1955K(21632K)] 2013K(31424K), 0.0004290 secs] [Times: user=0.00 sys=0.00, real=0.00 secs] 
0.969: Total time for which application threads were stopped: 0.0006510 seconds
0.970: [CMS-concurrent-mark-start]
0.998: Application time: 0.0285250 seconds
{Heap before GC invocations=5 (full 6):
 par new generation   total 9792K, used 407K [0x90c00000, 0x916a0000, 0x98c00000)
  eden space 8704K,   4% used [0x90c00000, 0x90c65ef0, 0x91480000)
  from space 1088K,   0% used [0x91590000, 0x91590000, 0x916a0000)
  to   space 1088K,   0% used [0x91480000, 0x91480000, 0x91590000)
 concurrent mark-sweep generation total 21632K, used 1955K [0x98c00000, 0x9a120000, 0xb0c00000)
 concurrent-mark-sweep perm gen total 16384K, used 6534K [0xb0c00000, 0xb1c00000, 0xb4c00000)
0.998: [Full GC0.998: [CMS1.018: [CMS-concurrent-mark: 0.020/0.048 secs] [Times: user=0.07 sys=0.00, real=0.05 secs] 
 (concurrent mode interrupted): 1955K->2022K(21632K), 0.0367930 secs] 2362K->2022K(31424K), [CMS Perm : 6534K->6534K(16384K)], 0.0368510 secs] [Times: user=0.04 sys=0.00, real=0.04 secs] 
Heap after GC invocations=6 (full 7):
 par new generation   total 9792K, used 0K [0x90c00000, 0x916a0000, 0x98c00000)
  eden space 8704K,   0% used [0x90c00000, 0x90c00000, 0x91480000)
  from space 1088K,   0% used [0x91590000, 0x91590000, 0x916a0000)
  to   space 1088K,   0% used [0x91480000, 0x91480000, 0x91590000)
 concurrent mark-sweep generation total 21632K, used 2022K [0x98c00000, 0x9a120000, 0xb0c00000)
 concurrent-mark-sweep perm gen total 16384K, used 6534K [0xb0c00000, 0xb1c00000, 0xb4c00000)
}
1.035: Total time for which application threads were stopped: 0.0370620 seconds
1.035: Application time: 0.0002300 seconds
{Heap before GC invocations=6 (full 7):
 par new generation   total 9792K, used 58K [0x90c00000, 0x916a0000, 0x98c00000)
  eden space 8704K,   0% used [0x90c00000, 0x90c0e828, 0x91480000)
  from space 1088K,   0% used [0x91590000, 0x91590000, 0x916a0000)
  to   space 1088K,   0% used [0x91480000, 0x91480000, 0x91590000)
 concurrent mark-sweep generation total 21632K, used 2022K [0x98c00000, 0x9a120000, 0xb0c00000)
 concurrent-mark-sweep perm gen total 16384K, used 6534K [0xb0c00000, 0xb1c00000, 0xb4c00000)
1.035: [Full GC1.035: [CMS: 2022K->2022K(21632K), 0.0159760 secs] 2080K->2022K(31424K), [CMS Perm : 6534K->6534K(16384K)], 0.0160270 secs] [Times: user=0.02 sys=0.00, real=0.01 secs] 
Heap after GC invocations=7 (full 8):
 par new generation   total 9792K, used 0K [0x90c00000, 0x916a0000, 0x98c00000)
  eden space 8704K,   0% used [0x90c00000, 0x90c00000, 0x91480000)
  from space 1088K,   0% used [0x91590000, 0x91590000, 0x916a0000)
  to   space 1088K,   0% used [0x91480000, 0x91480000, 0x91590000)
 concurrent mark-sweep generation total 21632K, used 2022K [0x98c00000, 0x9a120000, 0xb0c00000)
 concurrent-mark-sweep perm gen total 16384K, used 6534K [0xb0c00000, 0xb1c00000, 0xb4c00000)
}
1.052: Total time for which application threads were stopped: 0.0162700 seconds
1.052: Application time: 0.0001430 seconds
1.053: [GC [1 CMS-initial-mark: 2022K(21632K)] 2022K(31424K), 0.0002300 secs] [Times: user=0.00 sys=0.00, real=0.00 secs] 
1.053: Total time for which application threads were stopped: 0.0014170 seconds
1.053: [CMS-concurrent-mark-start]
1.089: Application time: 0.0363440 seconds
{Heap before GC invocations=7 (full 9):
 par new generation   total 9792K, used 418K [0x90c00000, 0x916a0000, 0x98c00000)
  eden space 8704K,   4% used [0x90c00000, 0x90c68a90, 0x91480000)
  from space 1088K,   0% used [0x91590000, 0x91590000, 0x916a0000)
  to   space 1088K,   0% used [0x91480000, 0x91480000, 0x91590000)
 concurrent mark-sweep generation total 21632K, used 2022K [0x98c00000, 0x9a120000, 0xb0c00000)
 concurrent-mark-sweep perm gen total 16384K, used 6534K [0xb0c00000, 0xb1c00000, 0xb4c00000)
1.090: [Full GC1.090: [CMS1.109: [CMS-concurrent-mark: 0.020/0.056 secs] [Times: user=0.06 sys=0.01, real=0.06 secs] 
 (concurrent mode interrupted): 2022K->2018K(21632K), 0.0361030 secs] 2440K->2018K(31424K), [CMS Perm : 6534K->6534K(16384K)], 0.0361740 secs] [Times: user=0.05 sys=0.00, real=0.04 secs] 
Heap after GC invocations=8 (full 10):
 par new generation   total 9792K, used 0K [0x90c00000, 0x916a0000, 0x98c00000)
  eden space 8704K,   0% used [0x90c00000, 0x90c00000, 0x91480000)
  from space 1088K,   0% used [0x91590000, 0x91590000, 0x916a0000)
  to   space 1088K,   0% used [0x91480000, 0x91480000, 0x91590000)
 concurrent mark-sweep generation total 21632K, used 2018K [0x98c00000, 0x9a120000, 0xb0c00000)
 concurrent-mark-sweep perm gen total 16384K, used 6534K [0xb0c00000, 0xb1c00000, 0xb4c00000)
}
1.126: Total time for which application threads were stopped: 0.0364120 seconds
1.127: Application time: 0.0013930 seconds
{Heap before GC invocations=8 (full 10):
 par new generation   total 9792K, used 58K [0x90c00000, 0x916a0000, 0x98c00000)
  eden space 8704K,   0% used [0x90c00000, 0x90c0e828, 0x91480000)
  from space 1088K,   0% used [0x91590000, 0x91590000, 0x916a0000)
  to   space 1088K,   0% used [0x91480000, 0x91480000, 0x91590000)
 concurrent mark-sweep generation total 21632K, used 2018K [0x98c00000, 0x9a120000, 0xb0c00000)
 concurrent-mark-sweep perm gen total 16384K, used 6534K [0xb0c00000, 0xb1c00000, 0xb4c00000)
1.127: [Full GC1.127: [CMS: 2018K->2017K(21632K), 0.0188160 secs] 2076K->2017K(31424K), [CMS Perm : 6534K->6534K(16384K)], 0.0188760 secs] [Times: user=0.01 sys=0.00, real=0.02 secs] 
Heap after GC invocations=9 (full 11):
 par new generation   total 9792K, used 0K [0x90c00000, 0x916a0000, 0x98c00000)
  eden space 8704K,   0% used [0x90c00000, 0x90c00000, 0x91480000)
  from space 1088K,   0% used [0x91590000, 0x91590000, 0x916a0000)
  to   space 1088K,   0% used [0x91480000, 0x91480000, 0x91590000)
 concurrent mark-sweep generation total 21632K, used 2017K [0x98c00000, 0x9a120000, 0xb0c00000)
 concurrent-mark-sweep perm gen total 16384K, used 6534K [0xb0c00000, 0xb1c00000, 0xb4c00000)
}
1.146: Total time for which application threads were stopped: 0.0190320 seconds
1.147: Application time: 0.0002630 seconds
1.147: [GC [1 CMS-initial-mark: 2017K(21632K)] 2017K(31424K), 0.0002270 secs] [Times: user=0.00 sys=0.00, real=0.00 secs] 
1.147: Total time for which application threads were stopped: 0.0003800 seconds
1.147: [CMS-concurrent-mark-start]
4.242: Application time: 3.0952030 seconds
4.242: Total time for which application threads were stopped: 0.0003000 seconds
8.688: Application time: 4.4454520 seconds
{Heap before GC invocations=9 (full 12):
 par new generation   total 9792K, used 763K [0x90c00000, 0x916a0000, 0x98c00000)
  eden space 8704K,   8% used [0x90c00000, 0x90cbef40, 0x91480000)
  from space 1088K,   0% used [0x91590000, 0x91590000, 0x916a0000)
  to   space 1088K,   0% used [0x91480000, 0x91480000, 0x91590000)
 concurrent mark-sweep generation total 21632K, used 2017K [0x98c00000, 0x9a120000, 0xb0c00000)
 concurrent-mark-sweep perm gen total 16384K, used 6604K [0xb0c00000, 0xb1c00000, 0xb4c00000)
8.688: [Full GC8.688: [CMS8.707: [CMS-concurrent-mark: 0.019/7.560 secs] [Times: user=0.03 sys=0.00, real=7.56 secs] 
 (concurrent mode interrupted): 2017K->2100K(21632K), 0.0401470 secs] 2781K->2100K(31424K), [CMS Perm : 6604K->6604K(16384K)], 0.0402210 secs] [Times: user=0.04 sys=0.00, real=0.04 secs] 
Heap after GC invocations=10 (full 13):
 par new generation   total 9792K, used 0K [0x90c00000, 0x916a0000, 0x98c00000)
  eden space 8704K,   0% used [0x90c00000, 0x90c00000, 0x91480000)
  from space 1088K,   0% used [0x91590000, 0x91590000, 0x916a0000)
  to   space 1088K,   0% used [0x91480000, 0x91480000, 0x91590000)
 concurrent mark-sweep generation total 21632K, used 2100K [0x98c00000, 0x9a120000, 0xb0c00000)
 concurrent-mark-sweep perm gen total 16384K, used 6604K [0xb0c00000, 0xb1c00000, 0xb4c00000)
}
8.728: Total time for which application threads were stopped: 0.0404270 seconds
8.729: Application time: 0.0003890 seconds
8.729: Total time for which application threads were stopped: 0.0004050 seconds
8.729: Application time: 0.0000420 seconds
8.729: Total time for which application threads were stopped: 0.0002110 seconds
8.729: Application time: 0.0000610 seconds
8.730: Total time for which application threads were stopped: 0.0003090 seconds
8.730: Application time: 0.0000310 seconds
8.730: Total time for which application threads were stopped: 0.0000430 seconds
8.730: Application time: 0.0000620 seconds
8.730: Total time for which application threads were stopped: 0.0000390 seconds
8.730: Application time: 0.0000450 seconds
8.730: Total time for which application threads were stopped: 0.0000510 seconds
8.730: Application time: 0.0000480 seconds
8.730: Total time for which application threads were stopped: 0.0001000 seconds
8.730: Application time: 0.0000450 seconds
8.730: Total time for which application threads were stopped: 0.0000410 seconds
8.730: Application time: 0.0000360 seconds
8.730: Total time for which application threads were stopped: 0.0000400 seconds
8.730: Application time: 0.0000440 seconds
8.730: Total time for which application threads were stopped: 0.0000410 seconds
8.731: Application time: 0.0000340 seconds
8.731: Total time for which application threads were stopped: 0.0000400 seconds
8.731: Application time: 0.0000440 seconds
8.731: Total time for which application threads were stopped: 0.0000400 seconds
8.731: Application time: 0.0000340 seconds
8.731: Total time for which application threads were stopped: 0.0000410 seconds
8.731: Application time: 0.0000440 seconds
8.731: Total time for which application threads were stopped: 0.0000760 seconds
8.731: Application time: 0.0002050 seconds
{Heap before GC invocations=10 (full 13):
 par new generation   total 9792K, used 174K [0x90c00000, 0x916a0000, 0x98c00000)
  eden space 8704K,   2% used [0x90c00000, 0x90c2b860, 0x91480000)
  from space 1088K,   0% used [0x91590000, 0x91590000, 0x916a0000)
  to   space 1088K,   0% used [0x91480000, 0x91480000, 0x91590000)
 concurrent mark-sweep generation total 21632K, used 2100K [0x98c00000, 0x9a120000, 0xb0c00000)
 concurrent-mark-sweep perm gen total 16384K, used 6604K [0xb0c00000, 0xb1c00000, 0xb4c00000)
8.731: [Full GC8.731: [CMS: 2100K->2040K(21632K), 0.0160110 secs] 2274K->2040K(31424K), [CMS Perm : 6604K->6604K(16384K)], 0.0160860 secs] [Times: user=0.01 sys=0.00, real=0.02 secs] 
Heap after GC invocations=11 (full 14):
 par new generation   total 9792K, used 0K [0x90c00000, 0x916a0000, 0x98c00000)
  eden space 8704K,   0% used [0x90c00000, 0x90c00000, 0x91480000)
  from space 1088K,   0% used [0x91590000, 0x91590000, 0x916a0000)
  to   space 1088K,   0% used [0x91480000, 0x91480000, 0x91590000)
 concurrent mark-sweep generation total 21632K, used 2040K [0x98c00000, 0x9a120000, 0xb0c00000)
 concurrent-mark-sweep perm gen total 16384K, used 6604K [0xb0c00000, 0xb1c00000, 0xb4c00000)
}
8.747: Total time for which application threads were stopped: 0.0162420 seconds
8.748: Application time: 0.0001990 seconds
8.748: [GC [1 CMS-initial-mark: 2040K(21632K)] 2040K(31424K), 0.0002320 secs] [Times: user=0.00 sys=0.00, real=0.00 secs] 
8.748: Total time for which application threads were stopped: 0.0003210 seconds
8.748: [CMS-concurrent-mark-start]
11.205: Application time: 2.4567100 seconds
11.205: Total time for which application threads were stopped: 0.0000860 seconds
11.205: Application time: 0.0003780 seconds
11.205: Total time for which application threads were stopped: 0.0000550 seconds
11.205: Application time: 0.0000440 seconds
11.205: Total time for which application threads were stopped: 0.0000460 seconds
11.205: Application time: 0.0000640 seconds
11.205: Total time for which application threads were stopped: 0.0000460 seconds
11.223: Application time: 0.0178250 seconds
11.223: Total time for which application threads were stopped: 0.0000790 seconds
11.570: Application time: 0.3468320 seconds
11.570: Total time for which application threads were stopped: 0.0000510 seconds
11.600: Application time: 0.0296420 seconds
11.600: Total time for which application threads were stopped: 0.0000610 seconds
11.611: Application time: 0.0111000 seconds
11.611: Total time for which application threads were stopped: 0.0000610 seconds
11.613: Application time: 0.0019680 seconds
11.613: Total time for which application threads were stopped: 0.0000530 seconds
11.620: Application time: 0.0070830 seconds
11.620: Total time for which application threads were stopped: 0.0001660 seconds
11.621: Application time: 0.0003470 seconds
11.621: Total time for which application threads were stopped: 0.0001250 seconds
11.621: Application time: 0.0001170 seconds
11.621: Total time for which application threads were stopped: 0.0000480 seconds
11.745: Application time: 0.1236140 seconds
{Heap before GC invocations=11 (full 15):
 par new generation   total 9792K, used 1398K [0x90c00000, 0x916a0000, 0x98c00000)
  eden space 8704K,  16% used [0x90c00000, 0x90d5da50, 0x91480000)
  from space 1088K,   0% used [0x91590000, 0x91590000, 0x916a0000)
  to   space 1088K,   0% used [0x91480000, 0x91480000, 0x91590000)
 concurrent mark-sweep generation total 21632K, used 2040K [0x98c00000, 0x9a120000, 0xb0c00000)
 concurrent-mark-sweep perm gen total 16384K, used 6721K [0xb0c00000, 0xb1c00000, 0xb4c00000)
11.745: [Full GC11.745: [CMS11.764: [CMS-concurrent-mark: 0.019/3.016 secs] [Times: user=0.09 sys=0.01, real=3.01 secs] 
 (concurrent mode interrupted): 2040K->2148K(21632K), 0.0374360 secs] 3439K->2148K(31424K), [CMS Perm : 6721K->6721K(16384K)], 0.0375140 secs] [Times: user=0.04 sys=0.00, real=0.04 secs] 
Heap after GC invocations=12 (full 16):
 par new generation   total 9792K, used 0K [0x90c00000, 0x916a0000, 0x98c00000)
  eden space 8704K,   0% used [0x90c00000, 0x90c00000, 0x91480000)
  from space 1088K,   0% used [0x91590000, 0x91590000, 0x916a0000)
  to   space 1088K,   0% used [0x91480000, 0x91480000, 0x91590000)
 concurrent mark-sweep generation total 21632K, used 2148K [0x98c00000, 0x9a120000, 0xb0c00000)
 concurrent-mark-sweep perm gen total 16384K, used 6721K [0xb0c00000, 0xb1c00000, 0xb4c00000)
}
11.782: Total time for which application threads were stopped: 0.0378100 seconds
11.785: Application time: 0.0029120 seconds
11.786: Total time for which application threads were stopped: 0.0004190 seconds
11.787: Application time: 0.0015550 seconds
11.787: Total time for which application threads were stopped: 0.0001180 seconds
11.787: Application time: 0.0000300 seconds
11.787: Total time for which application threads were stopped: 0.0001020 seconds
11.788: Application time: 0.0000260 seconds
11.788: Total time for which application threads were stopped: 0.0001010 seconds
11.788: Application time: 0.0000250 seconds
11.788: Total time for which application threads were stopped: 0.0001260 seconds
11.788: Application time: 0.0000520 seconds
11.788: Total time for which application threads were stopped: 0.0001570 seconds
11.788: Application time: 0.0000430 seconds
11.788: Total time for which application threads were stopped: 0.0001710 seconds
11.788: Application time: 0.0000410 seconds
11.788: Total time for which application threads were stopped: 0.0001660 seconds
11.788: Application time: 0.0000410 seconds
11.789: Total time for which application threads were stopped: 0.0001640 seconds
11.789: Application time: 0.0000400 seconds
11.789: Total time for which application threads were stopped: 0.0001790 seconds
11.789: Application time: 0.0000370 seconds
11.789: Total time for which application threads were stopped: 0.0001730 seconds
11.789: Application time: 0.0000380 seconds
11.789: Total time for which application threads were stopped: 0.0001670 seconds
11.789: Application time: 0.0000370 seconds
11.789: Total time for which application threads were stopped: 0.0001650 seconds
11.790: Application time: 0.0000360 seconds
11.790: Total time for which application threads were stopped: 0.0001680 seconds
11.790: Application time: 0.0000360 seconds
11.790: Total time for which application threads were stopped: 0.0001730 seconds
11.790: Application time: 0.0000360 seconds
11.790: Total time for which application threads were stopped: 0.0001650 seconds
11.790: Application time: 0.0000370 seconds
11.790: Total time for which application threads were stopped: 0.0001220 seconds
11.790: Application time: 0.0000360 seconds
11.790: Total time for which application threads were stopped: 0.0001640 seconds
11.790: Application time: 0.0000360 seconds
11.791: Total time for which application threads were stopped: 0.0001630 seconds
11.791: Application time: 0.0000360 seconds
11.791: Total time for which application threads were stopped: 0.0002290 seconds
11.791: Application time: 0.0004200 seconds
{Heap before GC invocations=12 (full 16):
 par new generation   total 9792K, used 263K [0x90c00000, 0x916a0000, 0x98c00000)
  eden space 8704K,   3% used [0x90c00000, 0x90c41cc8, 0x91480000)
  from space 1088K,   0% used [0x91590000, 0x91590000, 0x916a0000)
  to   space 1088K,   0% used [0x91480000, 0x91480000, 0x91590000)
 concurrent mark-sweep generation total 21632K, used 2148K [0x98c00000, 0x9a120000, 0xb0c00000)
 concurrent-mark-sweep perm gen total 16384K, used 6721K [0xb0c00000, 0xb1c00000, 0xb4c00000)
11.791: [Full GC11.792: [CMS: 2148K->2106K(21632K), 0.0186090 secs] 2411K->2106K(31424K), [CMS Perm : 6721K->6721K(16384K)], 0.0187310 secs] [Times: user=0.03 sys=0.01, real=0.02 secs] 
Heap after GC invocations=13 (full 17):
 par new generation   total 9792K, used 0K [0x90c00000, 0x916a0000, 0x98c00000)
  eden space 8704K,   0% used [0x90c00000, 0x90c00000, 0x91480000)
  from space 1088K,   0% used [0x91590000, 0x91590000, 0x916a0000)
  to   space 1088K,   0% used [0x91480000, 0x91480000, 0x91590000)
 concurrent mark-sweep generation total 21632K, used 2106K [0x98c00000, 0x9a120000, 0xb0c00000)
 concurrent-mark-sweep perm gen total 16384K, used 6721K [0xb0c00000, 0xb1c00000, 0xb4c00000)
}
11.810: Total time for which application threads were stopped: 0.0190360 seconds
11.811: Application time: 0.0006770 seconds
11.811: [GC [1 CMS-initial-mark: 2106K(21632K)] 2280K(31424K), 0.0002790 secs] [Times: user=0.00 sys=0.00, real=0.00 secs] 
11.811: Total time for which application threads were stopped: 0.0003980 seconds
11.812: [CMS-concurrent-mark-start]
11.828: Application time: 0.0167500 seconds
11.828: Total time for which application threads were stopped: 0.0001810 seconds
12.423: Application time: 0.5942350 seconds
12.423: Total time for which application threads were stopped: 0.0001080 seconds
12.424: Application time: 0.0012260 seconds
12.424: Total time for which application threads were stopped: 0.0000360 seconds
12.424: Application time: 0.0004830 seconds
12.425: Total time for which application threads were stopped: 0.0000680 seconds
12.425: Application time: 0.0002060 seconds
12.425: Total time for which application threads were stopped: 0.0000660 seconds
12.425: Application time: 0.0001780 seconds
12.425: Total time for which application threads were stopped: 0.0000250 seconds
12.426: Application time: 0.0008420 seconds
12.426: Total time for which application threads were stopped: 0.0000250 seconds
12.428: Application time: 0.0023480 seconds
12.428: Total time for which application threads were stopped: 0.0000280 seconds
12.431: Application time: 0.0029910 seconds
12.431: Total time for which application threads were stopped: 0.0001020 seconds
12.432: Application time: 0.0009610 seconds
12.433: Total time for which application threads were stopped: 0.0002460 seconds
12.439: Application time: 0.0067100 seconds
12.440: Total time for which application threads were stopped: 0.0003400 seconds
12.442: Application time: 0.0021920 seconds
12.442: Total time for which application threads were stopped: 0.0003470 seconds
12.442: Application time: 0.0000990 seconds
12.443: Total time for which application threads were stopped: 0.0002330 seconds
12.443: Application time: 0.0003780 seconds
12.443: Total time for which application threads were stopped: 0.0003320 seconds
12.445: Application time: 0.0018480 seconds
12.445: Total time for which application threads were stopped: 0.0001730 seconds
12.446: Application time: 0.0002860 seconds
12.446: Total time for which application threads were stopped: 0.0001200 seconds
12.446: Application time: 0.0000280 seconds
12.446: Total time for which application threads were stopped: 0.0000890 seconds
12.446: Application time: 0.0000640 seconds
12.446: Total time for which application threads were stopped: 0.0001410 seconds
12.446: Application time: 0.0004000 seconds
12.447: Total time for which application threads were stopped: 0.0001430 seconds
12.449: Application time: 0.0024170 seconds
12.449: Total time for which application threads were stopped: 0.0001450 seconds
12.450: Application time: 0.0011700 seconds
12.451: Total time for which application threads were stopped: 0.0001020 seconds
12.463: Application time: 0.0127150 seconds
12.463: Total time for which application threads were stopped: 0.0000610 seconds
12.465: Application time: 0.0013480 seconds
12.465: Total time for which application threads were stopped: 0.0000700 seconds
12.466: Application time: 0.0009700 seconds
12.466: Total time for which application threads were stopped: 0.0000680 seconds
15.681: Application time: 3.2147430 seconds
{Heap before GC invocations=13 (full 18):
 par new generation   total 9792K, used 497K [0x90c00000, 0x916a0000, 0x98c00000)
  eden space 8704K,   5% used [0x90c00000, 0x90c7c658, 0x91480000)
  from space 1088K,   0% used [0x91590000, 0x91590000, 0x916a0000)
  to   space 1088K,   0% used [0x91480000, 0x91480000, 0x91590000)
 concurrent mark-sweep generation total 21632K, used 2106K [0x98c00000, 0x9a120000, 0xb0c00000)
 concurrent-mark-sweep perm gen total 16384K, used 6723K [0xb0c00000, 0xb1c00000, 0xb4c00000)
15.681: [Full GC15.681: [CMS15.710: [CMS-concurrent-mark: 0.029/3.898 secs] [Times: user=0.08 sys=0.02, real=3.90 secs] 
 (concurrent mode interrupted): 2106K->2120K(21632K), 0.0459820 secs] 2603K->2120K(31424K), [CMS Perm : 6723K->6723K(16384K)], 0.0460980 secs] [Times: user=0.04 sys=0.01, real=0.05 secs] 
Heap after GC invocations=14 (full 19):
 par new generation   total 9792K, used 0K [0x90c00000, 0x916a0000, 0x98c00000)
  eden space 8704K,   0% used [0x90c00000, 0x90c00000, 0x91480000)
  from space 1088K,   0% used [0x91590000, 0x91590000, 0x916a0000)
  to   space 1088K,   0% used [0x91480000, 0x91480000, 0x91590000)
 concurrent mark-sweep generation total 21632K, used 2120K [0x98c00000, 0x9a120000, 0xb0c00000)
 concurrent-mark-sweep perm gen total 16384K, used 6723K [0xb0c00000, 0xb1c00000, 0xb4c00000)
}
15.727: Total time for which application threads were stopped: 0.0464220 seconds
15.728: Application time: 0.0005710 seconds
{Heap before GC invocations=14 (full 19):
 par new generation   total 9792K, used 217K [0x90c00000, 0x916a0000, 0x98c00000)
  eden space 8704K,   2% used [0x90c00000, 0x90c36690, 0x91480000)
  from space 1088K,   0% used [0x91590000, 0x91590000, 0x916a0000)
  to   space 1088K,   0% used [0x91480000, 0x91480000, 0x91590000)
 concurrent mark-sweep generation total 21632K, used 2120K [0x98c00000, 0x9a120000, 0xb0c00000)
 concurrent-mark-sweep perm gen total 16384K, used 6723K [0xb0c00000, 0xb1c00000, 0xb4c00000)
15.728: [Full GC15.728: [CMS: 2120K->2119K(21632K), 0.0165300 secs] 2338K->2119K(31424K), [CMS Perm : 6723K->6723K(16384K)], 0.0165900 secs] [Times: user=0.02 sys=0.00, real=0.01 secs] 
Heap after GC invocations=15 (full 20):
 par new generation   total 9792K, used 0K [0x90c00000, 0x916a0000, 0x98c00000)
  eden space 8704K,   0% used [0x90c00000, 0x90c00000, 0x91480000)
  from space 1088K,   0% used [0x91590000, 0x91590000, 0x916a0000)
  to   space 1088K,   0% used [0x91480000, 0x91480000, 0x91590000)
 concurrent mark-sweep generation total 21632K, used 2119K [0x98c00000, 0x9a120000, 0xb0c00000)
 concurrent-mark-sweep perm gen total 16384K, used 6723K [0xb0c00000, 0xb1c00000, 0xb4c00000)
}
15.744: Total time for which application threads were stopped: 0.0167910 seconds
15.745: Application time: 0.0007510 seconds
15.745: [GC [1 CMS-initial-mark: 2119K(21632K)] 2293K(31424K), 0.0002670 secs] [Times: user=0.00 sys=0.00, real=0.00 secs] 
15.745: Total time for which application threads were stopped: 0.0003740 seconds
15.746: [CMS-concurrent-mark-start]
18.625: Application time: 2.8795940 seconds
18.625: Total time for which application threads were stopped: 0.0000800 seconds
18.786: Application time: 0.1609350 seconds
18.786: Total time for which application threads were stopped: 0.0000490 seconds
22.337: Application time: 3.5509740 seconds
22.337: Total time for which application threads were stopped: 0.0002250 seconds
26.786: Application time: 4.4488890 seconds
26.786: Total time for which application threads were stopped: 0.0001730 seconds
26.787: Application time: 0.0005430 seconds
26.787: Total time for which application threads were stopped: 0.0000900 seconds
26.787: Application time: 0.0000720 seconds
26.787: Total time for which application threads were stopped: 0.0000760 seconds
26.787: Application time: 0.0001140 seconds
26.787: Total time for which application threads were stopped: 0.0000760 seconds
26.788: Application time: 0.0005190 seconds
26.788: Total time for which application threads were stopped: 0.0001250 seconds
26.788: Application time: 0.0000990 seconds
26.788: Total time for which application threads were stopped: 0.0000820 seconds
26.788: Application time: 0.0000740 seconds
26.788: Total time for which application threads were stopped: 0.0000740 seconds
27.834: Application time: 1.0459350 seconds
27.834: Total time for which application threads were stopped: 0.0000870 seconds
27.835: Application time: 0.0009620 seconds
27.835: Total time for which application threads were stopped: 0.0000400 seconds
27.835: Application time: 0.0000330 seconds
27.836: Total time for which application threads were stopped: 0.0000340 seconds
27.836: Application time: 0.0000500 seconds
27.836: Total time for which application threads were stopped: 0.0000840 seconds
27.847: Application time: 0.0114270 seconds
27.848: Total time for which application threads were stopped: 0.0006760 seconds
27.848: Application time: 0.0001320 seconds
27.848: Total time for which application threads were stopped: 0.0000570 seconds
27.848: Application time: 0.0001120 seconds
27.848: Total time for which application threads were stopped: 0.0000560 seconds
27.850: Application time: 0.0022440 seconds
27.850: Total time for which application threads were stopped: 0.0000660 seconds
27.853: Application time: 0.0024050 seconds
27.853: Total time for which application threads were stopped: 0.0000350 seconds
27.853: Application time: 0.0003530 seconds
27.853: Total time for which application threads were stopped: 0.0000300 seconds
Heap
 par new generation   total 9792K, used 1401K [0x90c00000, 0x916a0000, 0x98c00000)
  eden space 8704K,  16% used [0x90c00000, 0x90d5e600, 0x91480000)
  from space 1088K,   0% used [0x91590000, 0x91590000, 0x916a0000)
  to   space 1088K,   0% used [0x91480000, 0x91480000, 0x91590000)
 concurrent mark-sweep generation total 21632K, used 2119K [0x98c00000, 0x9a120000, 0xb0c00000)
 concurrent-mark-sweep perm gen total 16384K, used 6734K [0xb0c00000, 0xb1c00000, 0xb4c00000)
27.855: Application time: 0.0013440 seconds
