0.399: Application time: 0.3474150 seconds
{Heap before GC invocations=0 (full 0):
 par new generation   total 9792K, used 8768K [0x90e00000, 0x91890000, 0x98e00000)
  eden space 8768K, 100% used [0x90e00000, 0x91690000, 0x91690000)
  from space 1024K,   0% used [0x91690000, 0x91690000, 0x91790000)
  to   space 1024K,   0% used [0x91790000, 0x91790000, 0x91890000)
 concurrent mark-sweep generation total 21632K, used 0K [0x98e00000, 0x9a320000, 0xb0a00000)
 concurrent-mark-sweep perm gen total 16384K, used 4044K [0xb0a00000, 0xb1a00000, 0xb4a00000)
0.399: [GC0.399: [ParNew
Desired survivor size 524288 bytes, new threshold 1 (max 6)
- age   1:    1041616 bytes,    1041616 total
: 8768K->1024K(9792K), 0.0045820 secs] 8768K->2020K(31424K), 0.0046520 secs] [Times: user=0.01 sys=0.00, real=0.00 secs] 
Heap after GC invocations=1 (full 0):
 par new generation   total 9792K, used 1024K [0x90e00000, 0x91890000, 0x98e00000)
  eden space 8768K,   0% used [0x90e00000, 0x90e00000, 0x91690000)
  from space 1024K, 100% used [0x91790000, 0x91890000, 0x91890000)
  to   space 1024K,   0% used [0x91690000, 0x91690000, 0x91790000)
 concurrent mark-sweep generation total 21632K, used 996K [0x98e00000, 0x9a320000, 0xb0a00000)
 concurrent-mark-sweep perm gen total 16384K, used 4044K [0xb0a00000, 0xb1a00000, 0xb4a00000)
}
0.404: Total time for which application threads were stopped: 0.0048360 seconds
0.482: Application time: 0.0782600 seconds
0.482: Total time for which application threads were stopped: 0.0000800 seconds
0.578: Application time: 0.0957200 seconds
0.579: [GC [1 CMS-initial-mark: 996K(21632K)] 8647K(31424K), 0.0048620 secs] [Times: user=0.00 sys=0.00, real=0.00 secs] 
0.584: Total time for which application threads were stopped: 0.0058970 seconds
0.584: [CMS-concurrent-mark-start]
0.616: [CMS-concurrent-mark: 0.028/0.032 secs] [Times: user=0.04 sys=0.02, real=0.03 secs] 
0.616: [CMS-concurrent-preclean-start]
0.619: [CMS-concurrent-preclean: 0.003/0.003 secs] [Times: user=0.01 sys=0.00, real=0.00 secs] 
0.619: [CMS-concurrent-abortable-preclean-start]
0.711: Application time: 0.1268400 seconds
{Heap before GC invocations=1 (full 1):
 par new generation   total 9792K, used 9792K [0x90e00000, 0x91890000, 0x98e00000)
  eden space 8768K, 100% used [0x90e00000, 0x91690000, 0x91690000)
  from space 1024K, 100% used [0x91790000, 0x91890000, 0x91890000)
  to   space 1024K,   0% used [0x91690000, 0x91690000, 0x91790000)
 concurrent mark-sweep generation total 21632K, used 996K [0x98e00000, 0x9a320000, 0xb0a00000)
 concurrent-mark-sweep perm gen total 16384K, used 6290K [0xb0a00000, 0xb1a00000, 0xb4a00000)
0.711: [GC0.711: [ParNew
Desired survivor size 524288 bytes, new threshold 1 (max 6)
- age   1:     725512 bytes,     725512 total
: 9792K->1024K(9792K), 0.0078790 secs] 10788K->3765K(31424K), 0.0079350 secs] [Times: user=0.01 sys=0.01, real=0.01 secs] 
Heap after GC invocations=2 (full 1):
 par new generation   total 9792K, used 1024K [0x90e00000, 0x91890000, 0x98e00000)
  eden space 8768K,   0% used [0x90e00000, 0x90e00000, 0x91690000)
  from space 1024K, 100% used [0x91690000, 0x91790000, 0x91790000)
  to   space 1024K,   0% used [0x91790000, 0x91790000, 0x91890000)
 concurrent mark-sweep generation total 21632K, used 2741K [0x98e00000, 0x9a320000, 0xb0a00000)
 concurrent-mark-sweep perm gen total 16384K, used 6290K [0xb0a00000, 0xb1a00000, 0xb4a00000)
}
0.719: Total time for which application threads were stopped: 0.0081560 seconds
0.890: Application time: 0.1715790 seconds
{Heap before GC invocations=2 (full 1):
 par new generation   total 9792K, used 9792K [0x90e00000, 0x91890000, 0x98e00000)
  eden space 8768K, 100% used [0x90e00000, 0x91690000, 0x91690000)
  from space 1024K, 100% used [0x91690000, 0x91790000, 0x91790000)
  to   space 1024K,   0% used [0x91790000, 0x91790000, 0x91890000)
 concurrent mark-sweep generation total 21632K, used 2741K [0x98e00000, 0x9a320000, 0xb0a00000)
 concurrent-mark-sweep perm gen total 16384K, used 7560K [0xb0a00000, 0xb1a00000, 0xb4a00000)
0.890: [GC0.891: [ParNew
Desired survivor size 524288 bytes, new threshold 1 (max 6)
- age   1:     564792 bytes,     564792 total
: 9792K->1023K(9792K), 0.0060180 secs] 12533K->5134K(31424K), 0.0061540 secs] [Times: user=0.00 sys=0.01, real=0.01 secs] 
Heap after GC invocations=3 (full 1):
 par new generation   total 9792K, used 1023K [0x90e00000, 0x91890000, 0x98e00000)
  eden space 8768K,   0% used [0x90e00000, 0x90e00000, 0x91690000)
  from space 1024K,  99% used [0x91790000, 0x9188fff8, 0x91890000)
  to   space 1024K,   0% used [0x91690000, 0x91690000, 0x91790000)
 concurrent mark-sweep generation total 21632K, used 4110K [0x98e00000, 0x9a320000, 0xb0a00000)
 concurrent-mark-sweep perm gen total 16384K, used 7560K [0xb0a00000, 0xb1a00000, 0xb4a00000)
}
0.897: Total time for which application threads were stopped: 0.0065180 seconds
1.027: [CMS-concurrent-abortable-preclean: 0.095/0.408 secs] [Times: user=0.34 sys=0.15, real=0.41 secs] 
1.027: Application time: 0.1302390 seconds
1.028: [GC[YG occupancy: 5232 K (9792 K)]1.028: [Rescan (parallel) , 0.0043460 secs]1.032: [weak refs processing, 0.0000950 secs]1.032: [scrub string table, 0.0000920 secs] [1 CMS-remark: 4110K(21632K)] 9342K(31424K), 0.0046240 secs] [Times: user=0.01 sys=0.00, real=0.00 secs] 
1.033: Total time for which application threads were stopped: 0.0055700 seconds
1.033: [CMS-concurrent-sweep-start]
1.034: [CMS-concurrent-sweep: 0.001/0.001 secs] [Times: user=0.00 sys=0.00, real=0.00 secs] 
1.034: [CMS-concurrent-reset-start]
1.086: [CMS-concurrent-reset: 0.052/0.052 secs] [Times: user=0.05 sys=0.06, real=0.05 secs] 
1.974: Application time: 0.9409940 seconds
{Heap before GC invocations=3 (full 1):
 par new generation   total 9792K, used 9791K [0x90e00000, 0x91890000, 0x98e00000)
  eden space 8768K, 100% used [0x90e00000, 0x91690000, 0x91690000)
  from space 1024K,  99% used [0x91790000, 0x9188fff8, 0x91890000)
  to   space 1024K,   0% used [0x91690000, 0x91690000, 0x91790000)
 concurrent mark-sweep generation total 21632K, used 3464K [0x98e00000, 0x9a320000, 0xb0a00000)
 concurrent-mark-sweep perm gen total 16384K, used 8837K [0xb0a00000, 0xb1a00000, 0xb4a00000)
1.974: [GC1.974: [ParNew
Desired survivor size 524288 bytes, new threshold 1 (max 6)
- age   1:     910976 bytes,     910976 total
: 9791K->1023K(9792K), 0.0067820 secs] 13256K->5030K(31424K) icms_dc=9 , 0.0068650 secs] [Times: user=0.01 sys=0.00, real=0.01 secs] 
Heap after GC invocations=4 (full 1):
 par new generation   total 9792K, used 1023K [0x90e00000, 0x91890000, 0x98e00000)
  eden space 8768K,   0% used [0x90e00000, 0x90e00000, 0x91690000)
  from space 1024K,  99% used [0x91690000, 0x9178fff8, 0x91790000)
  to   space 1024K,   0% used [0x91790000, 0x91790000, 0x91890000)
 concurrent mark-sweep generation total 21632K, used 4006K [0x98e00000, 0x9a320000, 0xb0a00000)
 concurrent-mark-sweep perm gen total 16384K, used 8837K [0xb0a00000, 0xb1a00000, 0xb4a00000)
}
1.981: Total time for which application threads were stopped: 0.0071570 seconds
2.983: Application time: 1.0020240 seconds
2.983: Total time for which application threads were stopped: 0.0001780 seconds
4.093: Application time: 1.1105200 seconds
4.094: Total time for which application threads were stopped: 0.0004980 seconds
7.968: Application time: 3.8737290 seconds
7.968: Total time for which application threads were stopped: 0.0001020 seconds
7.968: Application time: 0.0000350 seconds
7.968: Total time for which application threads were stopped: 0.0000390 seconds
7.968: Application time: 0.0000630 seconds
7.968: Total time for which application threads were stopped: 0.0000370 seconds
7.968: Application time: 0.0003360 seconds
7.968: Total time for which application threads were stopped: 0.0000400 seconds
7.970: Application time: 0.0017360 seconds
7.970: Total time for which application threads were stopped: 0.0000400 seconds
7.971: Application time: 0.0005530 seconds
7.971: Total time for which application threads were stopped: 0.0000400 seconds
7.971: Application time: 0.0007190 seconds
7.972: Total time for which application threads were stopped: 0.0000430 seconds
7.972: Application time: 0.0000280 seconds
7.972: Total time for which application threads were stopped: 0.0000370 seconds
7.972: Application time: 0.0008000 seconds
7.972: Total time for which application threads were stopped: 0.0000560 seconds
7.976: Application time: 0.0039600 seconds
7.977: Total time for which application threads were stopped: 0.0001050 seconds
7.977: Application time: 0.0000250 seconds
7.977: Total time for which application threads were stopped: 0.0000380 seconds
7.977: Application time: 0.0003040 seconds
7.977: Total time for which application threads were stopped: 0.0000820 seconds
7.977: Application time: 0.0002320 seconds
7.977: Total time for which application threads were stopped: 0.0000980 seconds
7.988: Application time: 0.0103640 seconds
7.988: Total time for which application threads were stopped: 0.0001250 seconds
7.995: Application time: 0.0076230 seconds
7.996: Total time for which application threads were stopped: 0.0001520 seconds
7.997: Application time: 0.0010900 seconds
7.999: Total time for which application threads were stopped: 0.0021510 seconds
8.000: Application time: 0.0007600 seconds
8.000: Total time for which application threads were stopped: 0.0001110 seconds
8.000: Application time: 0.0003740 seconds
8.000: Total time for which application threads were stopped: 0.0001190 seconds
8.001: Application time: 0.0007040 seconds
8.001: Total time for which application threads were stopped: 0.0001180 seconds
8.005: Application time: 0.0035970 seconds
8.005: Total time for which application threads were stopped: 0.0003250 seconds
8.011: Application time: 0.0061360 seconds
8.011: Total time for which application threads were stopped: 0.0002040 seconds
8.017: Application time: 0.0051860 seconds
8.017: Total time for which application threads were stopped: 0.0000550 seconds
8.017: Application time: 0.0006310 seconds
8.017: Total time for which application threads were stopped: 0.0000570 seconds
8.022: Application time: 0.0050050 seconds
8.022: Total time for which application threads were stopped: 0.0000600 seconds
8.028: Application time: 0.0058920 seconds
8.028: Total time for which application threads were stopped: 0.0001720 seconds
8.063: Application time: 0.0348180 seconds
8.066: Total time for which application threads were stopped: 0.0030900 seconds
8.068: Application time: 0.0012230 seconds
8.068: Total time for which application threads were stopped: 0.0001010 seconds
8.073: Application time: 0.0054880 seconds
8.073: Total time for which application threads were stopped: 0.0001520 seconds
8.074: Application time: 0.0009670 seconds
8.074: Total time for which application threads were stopped: 0.0001050 seconds
8.075: Application time: 0.0007100 seconds
8.075: [GC [1 CMS-initial-mark: 4006K(21632K)] 9045K(31424K), 0.0041310 secs] [Times: user=0.00 sys=0.00, real=0.01 secs] 
8.079: Total time for which application threads were stopped: 0.0042470 seconds
8.079: [CMS-concurrent-mark-start]
8.081: Application time: 0.0017880 seconds
8.081: Total time for which application threads were stopped: 0.0000950 seconds
8.082: Application time: 0.0003220 seconds
8.082: Total time for which application threads were stopped: 0.0000750 seconds
8.105: Application time: 0.0232500 seconds
8.105: Total time for which application threads were stopped: 0.0001490 seconds
8.111: [CMS-concurrent-mark: 0.031/0.032 secs] [Times: user=0.04 sys=0.01, real=0.03 secs] 
8.111: [CMS-concurrent-preclean-start]
8.113: [CMS-concurrent-preclean: 0.001/0.001 secs] [Times: user=0.00 sys=0.00, real=0.00 secs] 
8.113: [CMS-concurrent-abortable-preclean-start]
8.117: Application time: 0.0116710 seconds
8.117: Total time for which application threads were stopped: 0.0000580 seconds
8.125: Application time: 0.0082100 seconds
8.125: Total time for which application threads were stopped: 0.0001070 seconds
8.147: Application time: 0.0219680 seconds
8.148: Total time for which application threads were stopped: 0.0011390 seconds
8.153: Application time: 0.0046820 seconds
8.153: Total time for which application threads were stopped: 0.0000530 seconds
8.159: Application time: 0.0059510 seconds
8.159: Total time for which application threads were stopped: 0.0000520 seconds
8.172: Application time: 0.0134790 seconds
8.173: Total time for which application threads were stopped: 0.0001130 seconds
8.173: Application time: 0.0003330 seconds
8.173: Total time for which application threads were stopped: 0.0001190 seconds
8.175: Application time: 0.0016250 seconds
8.175: Total time for which application threads were stopped: 0.0002140 seconds
8.191: Application time: 0.0160310 seconds
8.191: Total time for which application threads were stopped: 0.0001950 seconds
8.202: Application time: 0.0105160 seconds
8.202: Total time for which application threads were stopped: 0.0001120 seconds
8.203: Application time: 0.0007950 seconds
8.203: Total time for which application threads were stopped: 0.0000570 seconds
8.209: Application time: 0.0060110 seconds
8.209: Total time for which application threads were stopped: 0.0001090 seconds
8.209: Application time: 0.0003740 seconds
8.209: Total time for which application threads were stopped: 0.0000680 seconds
8.210: Application time: 0.0012570 seconds
8.211: Total time for which application threads were stopped: 0.0000710 seconds
8.213: Application time: 0.0022290 seconds
8.213: Total time for which application threads were stopped: 0.0000700 seconds
8.219: Application time: 0.0065310 seconds
8.221: Total time for which application threads were stopped: 0.0011940 seconds
8.226: Application time: 0.0058360 seconds
8.226: Total time for which application threads were stopped: 0.0000620 seconds
8.233: Application time: 0.0063290 seconds
8.233: Total time for which application threads were stopped: 0.0000820 seconds
8.263: Application time: 0.0300320 seconds
8.263: Total time for which application threads were stopped: 0.0000970 seconds
8.264: Application time: 0.0013300 seconds
8.264: Total time for which application threads were stopped: 0.0000410 seconds
8.266: Application time: 0.0012660 seconds
8.266: Total time for which application threads were stopped: 0.0000450 seconds
8.266: Application time: 0.0007520 seconds
8.267: Total time for which application threads were stopped: 0.0000410 seconds
8.268: Application time: 0.0017420 seconds
8.269: Total time for which application threads were stopped: 0.0003740 seconds
8.270: Application time: 0.0013760 seconds
8.270: Total time for which application threads were stopped: 0.0001430 seconds
9.028: Application time: 0.7582830 seconds
9.029: Total time for which application threads were stopped: 0.0002020 seconds
9.029: Application time: 0.0002480 seconds
9.029: Total time for which application threads were stopped: 0.0000450 seconds
9.370: Application time: 0.3414700 seconds
9.371: Total time for which application threads were stopped: 0.0001770 seconds
9.371: Application time: 0.0000720 seconds
9.371: Total time for which application threads were stopped: 0.0000740 seconds
9.371: Application time: 0.0002270 seconds
9.371: Total time for which application threads were stopped: 0.0000440 seconds
9.378: Application time: 0.0067440 seconds
9.378: Total time for which application threads were stopped: 0.0000810 seconds
9.381: Application time: 0.0035520 seconds
9.382: Total time for which application threads were stopped: 0.0001300 seconds
9.385: Application time: 0.0036140 seconds
9.385: Total time for which application threads were stopped: 0.0000710 seconds
9.389: Application time: 0.0035200 seconds
9.389: Total time for which application threads were stopped: 0.0001180 seconds
9.389: Application time: 0.0001430 seconds
9.389: Total time for which application threads were stopped: 0.0001470 seconds
11.588: Application time: 2.1989450 seconds
11.588: Total time for which application threads were stopped: 0.0001290 seconds
11.588: Application time: 0.0000620 seconds
11.588: Total time for which application threads were stopped: 0.0000550 seconds
11.589: Application time: 0.0001050 seconds
11.589: Total time for which application threads were stopped: 0.0001820 seconds
11.589: Application time: 0.0004480 seconds
11.589: Total time for which application threads were stopped: 0.0000550 seconds
11.589: Application time: 0.0001220 seconds
11.589: Total time for which application threads were stopped: 0.0001020 seconds
11.703: Application time: 0.1136060 seconds
11.703: Total time for which application threads were stopped: 0.0001480 seconds
11.703: Application time: 0.0002410 seconds
11.704: Total time for which application threads were stopped: 0.0000780 seconds
11.715: Application time: 0.0116440 seconds
11.715: Total time for which application threads were stopped: 0.0000980 seconds
11.716: Application time: 0.0001950 seconds
11.716: Total time for which application threads were stopped: 0.0000530 seconds
11.734: Application time: 0.0181990 seconds
11.734: Total time for which application threads were stopped: 0.0004990 seconds
11.735: Application time: 0.0005450 seconds
11.735: Total time for which application threads were stopped: 0.0005050 seconds
11.736: Application time: 0.0010900 seconds
11.737: Total time for which application threads were stopped: 0.0007450 seconds
Heap
 par new generation   total 9792K, used 7428K [0x90e00000, 0x91890000, 0x98e00000)
  eden space 8768K,  73% used [0x90e00000, 0x91441340, 0x91690000)
  from space 1024K,  99% used [0x91690000, 0x9178fff8, 0x91790000)
  to   space 1024K,   0% used [0x91790000, 0x91790000, 0x91890000)
 concurrent mark-sweep generation total 21632K, used 4006K [0x98e00000, 0x9a320000, 0xb0a00000)
 concurrent-mark-sweep perm gen total 16384K, used 9189K [0xb0a00000, 0xb1a00000, 0xb4a00000)
11.739: Application time: 0.0017090 seconds
